dataset/UKhousing/aberdeen.csv
"Name","URI","Region GSS code","Period","Sales volume","Reporting period","Average price All property types","Average price Detached houses","Average price Semi-detached houses","Average price Terraced houses","Average price Flats and maisonettes","Pivotable date"
Aberdeen,http://landregistry.data.gov.uk/id/region/city-of-aberdeen,S12000033,2004-01,475,monthly,74958,185001,102077,68738,58908,2004-01-01
Aberdeen,http://landregistry.data.gov.uk/id/region/city-of-aberdeen,S12000033,2004-02,353,monthly,72987,176423,98056,66892,57702,2004-02-01
Aberdeen,http://landregistry.data.gov.uk/id/region/city-of-aberdeen,S12000033,2004-03,556,monthly,71779,171729,96250,65796,56842,2004-03-01
Aberdeen,http://landregistry.data.gov.uk/id/region/city-of-aberdeen,S12000033,2004-04,689,monthly,73893,169698,98683,68068,58746,2004-04-01
Aberdeen,http://landregistry.data.gov.uk/id/region/city-of-aberdeen,S12000033,2004-05,642,monthly,78875,178331,105480,72817,62750,2004-05-01
Aberdeen,http://landregistry.data.gov.uk/id/region/city-of-aberdeen,S12000033,2004-06,660,monthly,83738,186955,111429,77303,66800,2004-06-01
Aberdeen,http://landregistry.data.gov.uk/id/region/city-of-aberdeen,S12000033,2004-07,784,monthly,86444,197224,115458,79769,68724,2004-07-01
Aberdeen,http://landregistry.data.gov.uk/id/region/city-of-aberdeen,S12000033,2004-08,725,monthly,87983,204117,117829,81279,69718,2004-08-01
Aberdeen,http://landregistry.data.gov.uk/id/region/city-of-aberdeen,S12000033,2004-09,676,monthly,87076,203891,117161,80560,68794,2004-09-01
Aberdeen,http://landregistry.data.gov.uk/id/region/city-of-aberdeen,S12000033,2004-10,652,monthly,85868,200523,115025,79284,67992,2004-10-01
Aberdeen,http://landregistry.data.gov.uk/id/region/city-of-aberdeen,S12000033,2004-11,628,monthly,84099,195828,112752,77696,66585,2004-11-01
Aberdeen,http://landregistry.data.gov.uk/id/region/city-of-aberdeen,S12000033,2004-12,516,monthly,87315,201222,116540,80617,69316,2004-12-01
Aberdeen,http://landregistry.data.gov.uk/id/region/city-of-aberdeen,S12000033,2005-01,492,monthly,86233,199015,114839,79773,68412,2005-01-01
Aberdeen,http://landregistry.data.gov.uk/id/region/city-of-aberdeen,S12000033,2005-02,353,monthly,86077,197540,113830,79533,68404,2005-02-01
Aberdeen,http://landregistry.data.gov.uk/id/region/city-of-aberdeen,S12000033,2005-03,536,monthly,83327,189921,109103,76900,66163,2005-03-01
Aberdeen,http://landregistry.data.gov.uk/id/region/city-of-aberdeen,S12000033,2005-04,610,monthly,87794,194635,113334,80679,69960,2005-04-01
Aberdeen,http://landregistry.data.gov.uk/id/region/city-of-aberdeen,S12000033,2005-05,537,monthly,92517,202318,118199,84658,73920,2005-05-01
Aberdeen,http://landregistry.data.gov.uk/id/region/city-of-aberdeen,S12000033,2005-06,630,monthly,98351,213743,125194,89982,78629,2005-06-01
Aberdeen,http://landregistry.data.gov.uk/id/region/city-of-aberdeen,S12000033,2005-07,769,monthly,100180,218912,128047,91894,79985,2005-07-01
Aberdeen,http://landregistry.data.gov.uk/id/region/city-of-aberdeen,S12000033,2005-08,667,monthly,102008,223317,130478,93796,81375,2005-08-01
Aberdeen,http://landregistry.data.gov.uk/id/region/city-of-aberdeen,S12000033,2005-09,710,monthly,102756,227421,132036,94645,81862,2005-09-01
Aberdeen,http://landregistry.data.gov.uk/id/region/city-of-aberdeen,S12000033,2005-10,654,monthly,102734,229365,131974,94576,81829,2005-10-01
Aberdeen,http://landregistry.data.gov.uk/id/region/city-of-aberdeen,S12000033,2005-11,659,monthly,101386,224940,129824,93258,80819,2005-11-01
Aberdeen,http://landregistry.data.gov.uk/id/region/city-of-aberdeen,S12000033,2005-12,614,monthly,101656,221840,128563,92882,81338,2005-12-01
Aberdeen,http://landregistry.data.gov.uk/id/region/city-of-aberdeen,S12000033,2006-01,468,monthly,101970,221959,129134,93487,81508,2006-01-01
Aberdeen,http://landregistry.data.gov.uk/id/region/city-of-aberdeen,S12000033,2006-02,351,monthly,104052,224742,131419,95383,83190,2006-02-01
Aberdeen,http://landregistry.data.gov.uk/id/region/city-of-aberdeen,S12000033,2006-03,565,monthly,104618,225895,133067,96627,83378,2006-03-01
Aberdeen,http://landregistry.data.gov.uk/id/region/city-of-aberdeen,S12000033,2006-04,553,monthly,108956,230978,137542,100471,86976,2006-04-01
Aberdeen,http://landregistry.data.gov.uk/id/region/city-of-aberdeen,S12000033,2006-05,625,monthly,113311,238547,142672,104337,90525,2006-05-01
Aberdeen,http://landregistry.data.gov.uk/id/region/city-of-aberdeen,S12000033,2006-06,815,monthly,117822,245220,147234,108071,94318,2006-06-01
Aberdeen,http://landregistry.data.gov.uk/id/region/city-of-aberdeen,S12000033,2006-07,794,monthly,120849,252599,151284,111260,96617,2006-07-01
Aberdeen,http://landregistry.data.gov.uk/id/region/city-of-aberdeen,S12000033,2006-08,774,monthly,122286,259699,154494,113492,97439,2006-08-01
Aberdeen,http://landregistry.data.gov.uk/id/region/city-of-aberdeen,S12000033,2006-09,756,monthly,126447,273298,161265,118032,100463,2006-09-01
Aberdeen,http://landregistry.data.gov.uk/id/region/city-of-aberdeen,S12000033,2006-10,677,monthly,126307,272862,160774,117555,100447,2006-10-01
Aberdeen,http://landregistry.data.gov.uk/id/region/city-of-aberdeen,S12000033,2006-11,716,monthly,130044,278455,164890,120702,103554,2006-11-01
Aberdeen,http://landregistry.data.gov.uk/id/region/city-of-aberdeen,S12000033,2006-12,618,monthly,132354,279863,166334,122267,105636,2006-12-01
Aberdeen,http://landregistry.data.gov.uk/id/region/city-of-aberdeen,S12000033,2007-01,448,monthly,136322,289320,171794,126174,108710,2007-01-01
Aberdeen,http://landregistry.data.gov.uk/id/region/city-of-aberdeen,S12000033,2007-02,359,monthly,139226,294949,174712,128431,111231,2007-02-01
Aberdeen,http://landregistry.data.gov.uk/id/region/city-of-aberdeen,S12000033,2007-03,541,monthly,141749,299655,178168,131172,113202,2007-03-01
Aberdeen,http://landregistry.data.gov.uk/id/region/city-of-aberdeen,S12000033,2007-04,548,monthly,147324,307340,183942,136203,117840,2007-04-01
Aberdeen,http://landregistry.data.gov.uk/id/region/city-of-aberdeen,S12000033,2007-05,593,monthly,152714,317356,190328,141428,122122,2007-05-01
Aberdeen,http://landregistry.data.gov.uk/id/region/city-of-aberdeen,S12000033,2007-06,794,monthly,161400,334540,200501,149049,129241,2007-06-01
Aberdeen,http://landregistry.data.gov.uk/id/region/city-of-aberdeen,S12000033,2007-07,730,monthly,163469,341037,203555,151218,130755,2007-07-01
Aberdeen,http://landregistry.data.gov.uk/id/region/city-of-aberdeen,S12000033,2007-08,785,monthly,168376,356237,210667,156328,134374,2007-08-01
Aberdeen,http://landregistry.data.gov.uk/id/region/city-of-aberdeen,S12000033,2007-09,700,monthly,164875,352179,207364,153385,131374,2007-09-01
Aberdeen,http://landregistry.data.gov.uk/id/region/city-of-aberdeen,S12000033,2007-10,671,monthly,165095,355552,207657,153421,131547,2007-10-01
Aberdeen,http://landregistry.data.gov.uk/id/region/city-of-aberdeen,S12000033,2007-11,668,monthly,164103,349226,205357,151564,131159,2007-11-01
Aberdeen,http://landregistry.data.gov.uk/id/region/city-of-aberdeen,S12000033,2007-12,470,monthly,166428,351896,207326,153489,133174,2007-12-01
Aberdeen,http://landregistry.data.gov.uk/id/region/city-of-aberdeen,S12000033,2008-01,407,monthly,166542,350703,207824,153695,133240,2008-01-01
Aberdeen,http://landregistry.data.gov.uk/id/region/city-of-aberdeen,S12000033,2008-02,374,monthly,160171,336530,199429,148513,128187,2008-02-01
Aberdeen,http://landregistry.data.gov.uk/id/region/city-of-aberdeen,S12000033,2008-03,473,monthly,159439,333858,199320,148873,127452,2008-03-01
Aberdeen,http://landregistry.data.gov.uk/id/region/city-of-aberdeen,S12000033,2008-04,544,monthly,161055,331403,200833,150947,128874,2008-04-01
Aberdeen,http://landregistry.data.gov.uk/id/region/city-of-aberdeen,S12000033,2008-05,534,monthly,167632,341070,209828,157391,134111,2008-05-01
Aberdeen,http://landregistry.data.gov.uk/id/region/city-of-aberdeen,S12000033,2008-06,506,monthly,167970,342046,210934,157658,134297,2008-06-01
Aberdeen,http://landregistry.data.gov.uk/id/region/city-of-aberdeen,S12000033,2008-07,487,monthly,171220,351899,216912,160766,136470,2008-07-01
Aberdeen,http://landregistry.data.gov.uk/id/region/city-of-aberdeen,S12000033,2008-08,460,monthly,168339,353283,213626,157862,133851,2008-08-01
Aberdeen,http://landregistry.data.gov.uk/id/region/city-of-aberdeen,S12000033,2008-09,422,monthly,164083,345730,207595,153592,130591,2008-09-01
Aberdeen,http://landregistry.data.gov.uk/id/region/city-of-aberdeen,S12000033,2008-10,392,monthly,156748,329977,196549,146168,125208,2008-10-01
Aberdeen,http://landregistry.data.gov.uk/id/region/city-of-aberdeen,S12000033,2008-11,283,monthly,151738,314260,190137,141257,121562,2008-11-01
Aberdeen,http://landregistry.data.gov.uk/id/region/city-of-aberdeen,S12000033,2008-12,262,monthly,147631,301813,185061,137584,118399,2008-12-01
Aberdeen,http://landregistry.data.gov.uk/id/region/city-of-aberdeen,S12000033,2009-01,256,monthly,147951,303574,185416,137555,118734,2009-01-01
Aberdeen,http://landregistry.data.gov.uk/id/region/city-of-aberdeen,S12000033,2009-02,219,monthly,147175,301996,184636,136758,118204,2009-02-01
Aberdeen,http://landregistry.data.gov.uk/id/region/city-of-aberdeen,S12000033,2009-03,255,monthly,147321,306038,184333,136401,118497,2009-03-01
Aberdeen,http://landregistry.data.gov.uk/id/region/city-of-aberdeen,S12000033,2009-04,275,monthly,146598,300273,183080,136079,118119,2009-04-01
Aberdeen,http://landregistry.data.gov.uk/id/region/city-of-aberdeen,S12000033,2009-05,349,monthly,150313,307225,187582,139784,121038,2009-05-01
Aberdeen,http://landregistry.data.gov.uk/id/region/city-of-aberdeen,S12000033,2009-06,392,monthly,154921,317280,193478,144561,124372,2009-06-01
Aberdeen,http://landregistry.data.gov.uk/id/region/city-of-aberdeen,S12000033,2009-07,439,monthly,158655,327646,198649,148291,126901,2009-07-01
Aberdeen,http://landregistry.data.gov.uk/id/region/city-of-aberdeen,S12000033,2009-08,401,monthly,157061,328901,197256,147368,124810,2009-08-01
Aberdeen,http://landregistry.data.gov.uk/id/region/city-of-aberdeen,S12000033,2009-09,411,monthly,158284,333146,199895,148537,125413,2009-09-01
Aberdeen,http://landregistry.data.gov.uk/id/region/city-of-aberdeen,S12000033,2009-10,389,monthly,157256,333829,199527,147812,124050,2009-10-01
Aberdeen,http://landregistry.data.gov.uk/id/region/city-of-aberdeen,S12000033,2009-11,395,monthly,160112,340229,203048,150437,126333,2009-11-01
Aberdeen,http://landregistry.data.gov.uk/id/region/city-of-aberdeen,S12000033,2009-12,391,monthly,158772,334658,201573,149792,125083,2009-12-01
Aberdeen,http://landregistry.data.gov.uk/id/region/city-of-aberdeen,S12000033,2010-01,295,monthly,158494,337871,201505,149753,124397,2010-01-01
Aberdeen,http://landregistry.data.gov.uk/id/region/city-of-aberdeen,S12000033,2010-02,239,monthly,157708,338397,201971,149092,123294,2010-02-01
Aberdeen,http://landregistry.data.gov.uk/id/region/city-of-aberdeen,S12000033,2010-03,329,monthly,156601,341713,201105,147748,122083,2010-03-01
Aberdeen,http://landregistry.data.gov.uk/id/region/city-of-aberdeen,S12000033,2010-04,371,monthly,158840,342051,203612,149873,124314,2010-04-01
Aberdeen,http://landregistry.data.gov.uk/id/region/city-of-aberdeen,S12000033,2010-05,364,monthly,160953,344162,205254,151862,126424,2010-05-01
Aberdeen,http://landregistry.data.gov.uk/id/region/city-of-aberdeen,S12000033,2010-06,448,monthly,166674,355685,213048,157417,130781,2010-06-01
Aberdeen,http://landregistry.data.gov.uk/id/region/city-of-aberdeen,S12000033,2010-07,490,monthly,166533,359752,213755,157261,130095,2010-07-01
Aberdeen,http://landregistry.data.gov.uk/id/region/city-of-aberdeen,S12000033,2010-08,408,monthly,166189,365051,215080,156798,128990,2010-08-01
Aberdeen,http://landregistry.data.gov.uk/id/region/city-of-aberdeen,S12000033,2010-09,370,monthly,164216,361928,211907,155325,127251,2010-09-01
Aberdeen,http://landregistry.data.gov.uk/id/region/city-of-aberdeen,S12000033,2010-10,421,monthly,164671,362627,212619,155802,127577,2010-10-01
Aberdeen,http://landregistry.data.gov.uk/id/region/city-of-aberdeen,S12000033,2010-11,329,monthly,162672,358592,210055,153893,126003,2010-11-01
Aberdeen,http://landregistry.data.gov.uk/id/region/city-of-aberdeen,S12000033,2010-12,326,monthly,159259,351146,206105,150218,123521,2010-12-01
Aberdeen,http://landregistry.data.gov.uk/id/region/city-of-aberdeen,S12000033,2011-01,244,monthly,158159,351113,204622,148935,122615,2011-01-01
Aberdeen,http://landregistry.data.gov.uk/id/region/city-of-aberdeen,S12000033,2011-02,227,monthly,159237,354127,205449,149970,123520,2011-02-01
Aberdeen,http://landregistry.data.gov.uk/id/region/city-of-aberdeen,S12000033,2011-03,320,monthly,160545,356997,207052,151460,124384,2011-03-01
Aberdeen,http://landregistry.data.gov.uk/id/region/city-of-aberdeen,S12000033,2011-04,376,monthly,160066,352681,206054,151352,124151,2011-04-01
Aberdeen,http://landregistry.data.gov.uk/id/region/city-of-aberdeen,S12000033,2011-05,352,monthly,159472,344184,204128,150850,124543,2011-05-01
Aberdeen,http://landregistry.data.gov.uk/id/region/city-of-aberdeen,S12000033,2011-06,397,monthly,162308,348145,207808,153445,126997,2011-06-01
Aberdeen,http://landregistry.data.gov.uk/id/region/city-of-aberdeen,S12000033,2011-07,425,monthly,162689,351293,208516,153533,127224,2011-07-01
Aberdeen,http://landregistry.data.gov.uk/id/region/city-of-aberdeen,S12000033,2011-08,451,monthly,164855,361027,213002,156133,127716,2011-08-01
Aberdeen,http://landregistry.data.gov.uk/id/region/city-of-aberdeen,S12000033,2011-09,465,monthly,162926,360862,210867,154239,125830,2011-09-01
Aberdeen,http://landregistry.data.gov.uk/id/region/city-of-aberdeen,S12000033,2011-10,382,monthly,163301,361949,212087,154650,125899,2011-10-01
Aberdeen,http://landregistry.data.gov.uk/id/region/city-of-aberdeen,S12000033,2011-11,358,monthly,162860,359180,211087,153527,126276,2011-11-01
Aberdeen,http://landregistry.data.gov.uk/id/region/city-of-aberdeen,S12000033,2011-12,318,monthly,163184,355321,211356,153838,126961,2011-12-01
Aberdeen,http://landregistry.data.gov.uk/id/region/city-of-aberdeen,S12000033,2012-01,290,monthly,160822,348965,208428,151854,125039,2012-01-01
Aberdeen,http://landregistry.data.gov.uk/id/region/city-of-aberdeen,S12000033,2012-02,238,monthly,159074,347984,207156,150657,122907,2012-02-01
Aberdeen,http://landregistry.data.gov.uk/id/region/city-of-aberdeen,S12000033,2012-03,447,monthly,157732,346338,205866,149770,121414,2012-03-01
Aberdeen,http://landregistry.data.gov.uk/id/region/city-of-aberdeen,S12000033,2012-04,326,monthly,160499,351680,209122,152053,123925,2012-04-01
Aberdeen,http://landregistry.data.gov.uk/id/region/city-of-aberdeen,S12000033,2012-05,363,monthly,161782,351904,209890,153361,125290,2012-05-01
Aberdeen,http://landregistry.data.gov.uk/id/region/city-of-aberdeen,S12000033,2012-06,515,monthly,163244,355501,211167,154739,126524,2012-06-01
Aberdeen,http://landregistry.data.gov.uk/id/region/city-of-aberdeen,S12000033,2012-07,446,monthly,163489,358173,211513,155194,126354,2012-07-01
Aberdeen,http://landregistry.data.gov.uk/id/region/city-of-aberdeen,S12000033,2012-08,496,monthly,164267,360421,213410,156324,126445,2012-08-01
Aberdeen,http://landregistry.data.gov.uk/id/region/city-of-aberdeen,S12000033,2012-09,377,monthly,165236,365091,214983,157354,126809,2012-09-01
Aberdeen,http://landregistry.data.gov.uk/id/region/city-of-aberdeen,S12000033,2012-10,409,monthly,163785,359092,213206,156053,125879,2012-10-01
Aberdeen,http://landregistry.data.gov.uk/id/region/city-of-aberdeen,S12000033,2012-11,443,monthly,163007,358504,212086,155423,125126,2012-11-01
Aberdeen,http://landregistry.data.gov.uk/id/region/city-of-aberdeen,S12000033,2012-12,338,monthly,162794,355725,212128,155457,124951,2012-12-01
Aberdeen,http://landregistry.data.gov.uk/id/region/city-of-aberdeen,S12000033,2013-01,291,monthly,161429,353238,211106,154318,123580,2013-01-01
Aberdeen,http://landregistry.data.gov.uk/id/region/city-of-aberdeen,S12000033,2013-02,242,monthly,157227,344534,205918,150217,120352,2013-02-01
Aberdeen,http://landregistry.data.gov.uk/id/region/city-of-aberdeen,S12000033,2013-03,385,monthly,159487,352409,209877,151958,121894,2013-03-01
Aberdeen,http://landregistry.data.gov.uk/id/region/city-of-aberdeen,S12000033,2013-04,447,monthly,161668,357510,212007,154164,123613,2013-04-01
Aberdeen,http://landregistry.data.gov.uk/id/region/city-of-aberdeen,S12000033,2013-05,576,monthly,167756,368076,219048,159576,128937,2013-05-01
Aberdeen,http://landregistry.data.gov.uk/id/region/city-of-aberdeen,S12000033,2013-06,460,monthly,168532,367711,219456,160440,129747,2013-06-01
Aberdeen,http://landregistry.data.gov.uk/id/region/city-of-aberdeen,S12000033,2013-07,545,monthly,170411,372743,221908,162298,131075,2013-07-01
Aberdeen,http://landregistry.data.gov.uk/id/region/city-of-aberdeen,S12000033,2013-08,607,monthly,173129,378386,225659,165443,132803,2013-08-01
Aberdeen,http://landregistry.data.gov.uk/id/region/city-of-aberdeen,S12000033,2013-09,526,monthly,174906,386501,228039,167138,133816,2013-09-01
Aberdeen,http://landregistry.data.gov.uk/id/region/city-of-aberdeen,S12000033,2013-10,516,monthly,178319,394285,232504,170303,136463,2013-10-01
Aberdeen,http://landregistry.data.gov.uk/id/region/city-of-aberdeen,S12000033,2013-11,533,monthly,177425,397024,232203,169183,135388,2013-11-01
Aberdeen,http://landregistry.data.gov.uk/id/region/city-of-aberdeen,S12000033,2013-12,394,monthly,175931,390458,230660,167608,134513,2013-12-01
Aberdeen,http://landregistry.data.gov.uk/id/region/city-of-aberdeen,S12000033,2014-01,384,monthly,178958,398385,234938,170366,136745,2014-01-01
Aberdeen,http://landregistry.data.gov.uk/id/region/city-of-aberdeen,S12000033,2014-02,292,monthly,179635,397840,234622,171065,137626,2014-02-01
Aberdeen,http://landregistry.data.gov.uk/id/region/city-of-aberdeen,S12000033,2014-03,363,monthly,182357,406116,238477,173939,139304,2014-03-01
